00 blank     Case vide
01 brick     Brique
02 ply       Marque la position du joueur
03 x         Piege qui retire de l'energie
04 stop      Case vide avec stop
05 sladder   Echelle avec stop
06 ladder!   Echelle
07 root      Racine
08 tnt       Baton de dynamite (explosif)
09 shield    Bouclier
0A chest     Coffre de tresor
0B obottle   Bouteille d'oxygene
0C flower    Fleur evoluee
0D diamond   Diamant
0E hkey      Clef en forme de coeur
0F hdoor     Porte en forme de coeur
10 wkey      Clef etrange
11 wdoor     Porte etrange
12 melkey    Clef de Melanie Leclerc
13 meldoor   Porte de Melanie leclerc
14 water2    Eau soumarine
15 wstop     Eau soumarine avec stop
16 wladder   Echelle sous l'eau
17 wroot2    Racine sous l'eau
18 wshield   Bouclier sous l'eau
19 wchest    Coffre de tresor sous l'eau
1A wobotll   Bouteille d'eau sous l'eau
1B wflower   Fleur sous l'eau
1C wdiamon   Diamant sous l'eau
1D wnewpla   Algue sous-marine
1E whkey     Clef en forme de coeur sous l'eau
1F whdoor    Porte en forme de coeur sous l'eau
20 wwkey     Clef etrange sous l'eau
21 wwdoor    Porte etrange sous l'eau
22 wmelkey   Clef Melanie Leclerc sous l'eau
23 wmeldoor  Porte Melanie Leclerc sous l'eau
24 water!    Eau de surface
25 wladde2   Echelle de surface
26 wroot     Racine de surface
27 wterre    Terre sous l'eau
28 pattern5  Mur de brique a l'aire
29 wpatt5b   Mur de brique a la surface
2A wpatte5   Mur de brique sous l'eau
2B lava-p5   Mur de brique lava-surface
2C lava2p5   Mur de brique lava-profondeur
2D wrocknp   Roche #1 et plante sous l'eau
2E wrock     Roche #1 sous l'eau
2F wrock2    Roche #2 sous l'eau
30 wrock3    Roche #3 sous l'eau
31 wrock4    Roche #4 sous l'eau
32 broot     Pont et corde
33 sbridge   Pond portant un stop
34 bridge    Pond
35 br01      Pond #1
36 br02      Pond #2
37 br03      Pond #3
38 br04      Pond #4
39 br05      Pond #5
3A br06      Pond #6
3B br07      Pond #7
3C br08      Pond #8
3D br09      Pond #9
3E br10      Pond #10
3F br11      Pond #11
40 froot     Corde qui se brise
41 lava      Substance dissolvante (haut)
42 lava2     Substance dissolvante (bas)
43 f00       Fleur => Mur 00
44 p500      Mur mutanoid 00
45 f01       Fleur => Mur 01
46 p501      Mur mutanoid 01
47 f02       Fleur => Mur 02
48 p502      Mur mutanoid 02
49 wf03      W-Fleur => Mur 03
4A p503      Mur mutanoid 03
4B f04       Fleur => Mur 04
4C wp504     W-Mur mutanoid 04
4D f05       Fleur => Mur 05
4E wp505     W-Mur mutanoid 05
4F wf06      W-Fleur => Mur 06
50 wp506     W-Mur mutanoid 06
51 wf07      W-Fleur => Mur 07
52 wp507     W-Mur mutanoid 07
53 f08       Fleur => Mur 08
54 wp5b08    SW-Mur mutanoid 08
55 f09       Fleur => Mur 09
56 wp5b09    SW-Mur mutanoid 09
57 wf10      Fleur => Mur 10
58 wp5b10    SW-Mur mutanoid 10
59 wf11      Fleur => Mur 11
5A wp5b11    SW-Mur mutanoid 11
5B f12       Fleur => Vide 12
5C 12        Vide mutanoid 12
5D f13       Fleur => Vide 13
5E 13        Vide mutanoid 13
5F f14       Fleur => Vide 14
60 14        Vide mutanoid 14
61 f15       Fleur => Vide 15
62 15        Vide mutanoid 15
63 wf16      Fleur => Eau 16
64 w16       Eau mutanoid 16
65 wf17      Fleur => Eau 17
66 w17       Eau mutanoid 17
67 wf18      Fleur => Eau 18
68 w18       Eau mutanoid 18
69 wf19      Fleur => Eau 19
6A w19       Eau mutanoid 19
6B tran00    Transporteur libre 00
6C y0        Destination 00
6D tran01    Transporteur libre 01
6E y1        Destination 01
6F tran02    Transporteur libre 02
70 y2        Destination 02
71 tran03    Transporteur sous eaux 03
72 y3        Destination 03
73 tran04    Transporteur sous eaux 04
74 y4        Destination 04
75 tran05    Transporteur sous eaux 05
76 y5        Destination 05
77 magicpla  Platforme verticale
78 x         Non-definie
79 x         Non-definie
7A dummy     Dummy sur case vide
7B br-dum    Dummy sur pond
7C la-dum    Dummy sur echelle
7D teddy     Teddy sur case vide
7E br-ted    Teddy sur pond
7F la-ted    Teddy sur echelle
80 gobblin   Gobblin sur case vide
81 br-go     Gobblin sur pond
82 la-go     Gobblin sur echelle
83 ghost     Fantome sur case vide
84 gh-br     Fantome sur pond
85 gh-la     Fantome sur echelle
86 orakey    Clef vivante sur case vide
87 okbrid    Clef vivante sur pond
88 okladd    Clef vivante sur echelle
89 oradoor   Porte vivante sur case vide
8A odbrid    Porte vivante sur pond
8B odladd    Porte vivante sur echelle
8C spider    Araignee sur case vide
8D bspider   Araignee sur pond
8E lspider   Araignee sur echelle
8F magicpla  Platforme horizontale
90 wfish     Pyranna
91 atnt      Baton de tnt actif
92 !!sw-s    Eau de surface avec stop
